experiments/direct-network/__pycache__/direct_udp_probe.cpython-312.pyc: OK
experiments/direct-network/direct_topology.sh: OK
experiments/direct-network/direct_udp_probe.py: OK
task1-artifacts/baseline-manifest.json: OK
task1-artifacts/baselines/source-sha256sums.txt: OK
task1-artifacts/baselines/starry-userspace/rt_probe: OK
task1-artifacts/baselines/starry-userspace/rt_probe.c: OK
task1-artifacts/baselines/zephyr-native/CMakeLists.txt: OK
task1-artifacts/baselines/zephyr-native/main.c: OK
task1-artifacts/baselines/zephyr-native/period_ns: OK
task1-artifacts/baselines/zephyr-native/prj.conf: OK
task1-artifacts/logs/phase8-smp3-host-console-diagnostic-20260817.log: OK
task1-artifacts/logs/phase9-axvm-host-test.log: OK
task1-artifacts/logs/phase9-root-selector.log: OK
task1-artifacts/logs/phase9-smp3-existing-baseline.log: OK
task1-artifacts/logs/phase9-smp3-run1.log: OK
task1-artifacts/logs/phase9-smp3-status.md: OK
task1-artifacts/patches/tgoskits-rt-trace.patch: OK
task1-artifacts/patches/tgoskits-smp2-min.patch: OK
task1-artifacts/results/phase9-pressure-summary.json: OK
task1-artifacts/results/phase9-rt-summary.json: OK
task1-artifacts/results/sha256sums.csv: OK
task1-artifacts/results/starry_find_1ms_5min_r1.csv: OK
task1-artifacts/results/starry_find_dd_1ms_5min_r1.csv: OK
task1-artifacts/results/starry_findloop_1ms_5min_r1.csv: OK
task1-artifacts/results/starry_findloop_ddloop_1ms_5min_r1.csv: OK
task1-artifacts/results/starry_idle_1ms_5min_r1.csv: OK
task1-artifacts/results/starry_idle_5ms_30min_r1.csv: OK
task1-artifacts/results/starry_idle_5ms_30min_r2.csv: OK
task1-artifacts/results/starry_idle_5ms_30min_r3.csv: OK
task1-artifacts/results/starry_idle_5ms_30min_r4.csv: OK
task1-artifacts/results/starry_idle_5ms_90min_normal.csv: OK
task1-artifacts/scripts/__pycache__/plot_task1.cpython-312.pyc: OK
task1-artifacts/scripts/__pycache__/summarize_task1.cpython-312.pyc: OK
task1-artifacts/scripts/plot_task1.py: OK
task1-artifacts/scripts/rt_probe: OK
task1-artifacts/scripts/rt_probe.c: OK
task1-artifacts/scripts/summarize_task1.py: OK
task2-artifacts/PROTOCOL_V2.md: OK
task2-artifacts/README.md: OK
task2-artifacts/direct-topology-manifest.json: OK
task2-artifacts/results/20260810_stress_verified.json: OK
task2-artifacts/results/aictrl_protocol.json: OK
task2-artifacts/results/batch100_forwarder.json: OK
task2-artifacts/results/batch100_relay_match_PASS.json: OK
task2-artifacts/results/drop_first_reply_PASS.json: OK
task2-artifacts/results/drop_first_reply_forwarder.json: OK
task2-artifacts/results/drop_first_request_PASS.json: OK
task2-artifacts/results/drop_first_request_forwarder.json: OK
task2-artifacts/results/duplicate_state_PASS.json: OK
task2-artifacts/results/local_checks_PASS.json: OK
task2-artifacts/results/post_restart_starry_forwarder.json: OK
task2-artifacts/results/post_restart_starry_recovery_PASS.json: OK
task2-artifacts/results/resource_batch100_forwarder.json: OK
task2-artifacts/results/resource_recovery_PASS.json: OK
task2-artifacts/results/resource_rerun_forwarder.json: OK
task2-artifacts/results/resource_warmup_forwarder.json: OK
task2-artifacts/results/restart_after_protocol.json: OK
task2-artifacts/results/restart_before_available.json: OK
task2-artifacts/results/restart_recovery_PASS.json: OK
task2-artifacts/results/restart_unavailable.json: OK
task2-artifacts/results/retry_exhaustion_PASS.json: OK
task2-artifacts/results/retry_exhaustion_forwarder.json: OK
task2-artifacts/results/stress10000_batch.log: OK
task2-artifacts/results/stress1000_batch.log: OK
task2-artifacts/results/stress510_batch_rerun.log: OK
task2-artifacts/results/task1_latency_csv_PASS.json: OK
task2-artifacts/results/task1_smp2_boot_PASS.json: OK
task2-artifacts/results/task1_success_manifest.json: OK
task2-artifacts/results/task2_success_manifest.json: OK
task2-artifacts/scripts/__pycache__/fault_forwarder.cpython-312.pyc: OK
task2-artifacts/scripts/__pycache__/forwarder_quiet.cpython-312.pyc: OK
task2-artifacts/scripts/fault_forwarder.py: OK
task2-artifacts/scripts/forwarder_quiet.py: OK
task2-artifacts/scripts/verify_source_copies.sh: OK
task2-artifacts/src/aictrl_client.c: OK
task2-artifacts/src/aictrl_protocol.h: OK
task2-artifacts/src/aictrl_protocol_v2.h: OK
task2-artifacts/src/aictrl_server.c: OK
task2-artifacts/tests/__pycache__/aictrl_duplicate_state_test.cpython-312.pyc: OK
task2-artifacts/tests/__pycache__/aictrl_liveness_probe.cpython-312.pyc: OK
task2-artifacts/tests/__pycache__/aictrl_protocol_test.cpython-312.pyc: OK
task2-artifacts/tests/__pycache__/build_success_manifest.cpython-312.pyc: OK
task2-artifacts/tests/__pycache__/capture_process_resources.cpython-312.pyc: OK
task2-artifacts/tests/__pycache__/record_local_checks.cpython-312.pyc: OK
task2-artifacts/tests/__pycache__/test_protocol_v2.cpython-312.pyc: OK
task2-artifacts/tests/__pycache__/verify_batch_relay.cpython-312.pyc: OK
task2-artifacts/tests/__pycache__/verify_resource_recovery.cpython-312.pyc: OK
task2-artifacts/tests/__pycache__/verify_restart_recovery.cpython-312.pyc: OK
task2-artifacts/tests/__pycache__/verify_retry_case.cpython-312.pyc: OK
task2-artifacts/tests/__pycache__/verify_retry_exhaustion.cpython-312.pyc: OK
task2-artifacts/tests/__pycache__/verify_stress_logs.cpython-312.pyc: OK
task2-artifacts/tests/__pycache__/verify_task1_csv.cpython-312.pyc: OK
task2-artifacts/tests/__pycache__/verify_task1_smp_boot.cpython-312.pyc: OK
task2-artifacts/tests/aictrl_duplicate_state_test.py: OK
task2-artifacts/tests/aictrl_liveness_probe.py: OK
task2-artifacts/tests/aictrl_protocol_test.py: OK
task2-artifacts/tests/build_success_manifest.py: OK
task2-artifacts/tests/capture_process_resources.py: OK
task2-artifacts/tests/record_local_checks.py: OK
task2-artifacts/tests/test_protocol_v2.py: OK
task2-artifacts/tests/verify_batch_relay.py: OK
task2-artifacts/tests/verify_resource_recovery.py: OK
task2-artifacts/tests/verify_restart_recovery.py: OK
task2-artifacts/tests/verify_retry_case.py: OK
task2-artifacts/tests/verify_retry_exhaustion.py: OK
task2-artifacts/tests/verify_stress_logs.py: OK
task2-artifacts/tests/verify_task1_csv.py: OK
task2-artifacts/tests/verify_task1_smp_boot.py: OK
